Parsing schematic: 6901.json
  Dimensions: 25x39x35
  Non-air blocks: 5676
Assembling blueprint from 5676 blocks...
Schematic dimensions: 25x39x35 blocks
Using voxel scale factor: 16 (Minecraft 1m block = 16 Scrap Mechanic voxels)
Processing block 1/5676 (0%)...
  Block 0: 'stone_brick_slab' at MC pos (8, 0, 6), data=5
    Loaded blueprint with 1472 voxels
      Voxel at relative (0, 0, 0) -> absolute SM (128, 96, 0)
      Voxel at relative (0, 1, 0) -> absolute SM (128, 96, 1)
  Block 1: 'stone_brick_stairs' at MC pos (9, 0, 6), data=2
    Loaded blueprint with 2111 voxels
  Block 2: 'stone_brick_slab' at MC pos (10, 0, 6), data=5
Processing block 101/5676 (1%)...
Processing block 201/5676 (3%)...
Processing block 301/5676 (5%)...
Processing block 401/5676 (7%)...
Processing block 501/5676 (8%)...
Processing block 601/5676 (10%)...
Processing block 701/5676 (12%)...
Processing block 801/5676 (14%)...
Processing block 901/5676 (15%)...
Processing block 1001/5676 (17%)...
Processing block 1101/5676 (19%)...
Processing block 1201/5676 (21%)...
Processing block 1301/5676 (22%)...
Processing block 1401/5676 (24%)...
Processing block 1501/5676 (26%)...
Processing block 1601/5676 (28%)...
Processing block 1701/5676 (29%)...
Processing block 1801/5676 (31%)...
Processing block 1901/5676 (33%)...
Processing block 2001/5676 (35%)...
Processing block 2101/5676 (36%)...
Processing block 2201/5676 (38%)...
Processing block 2301/5676 (40%)...
Processing block 2401/5676 (42%)...
Processing block 2501/5676 (44%)...
Processing block 2601/5676 (45%)...
Processing block 2701/5676 (47%)...
Processing block 2801/5676 (49%)...
Processing block 2901/5676 (51%)...
Processing block 3001/5676 (52%)...
Processing block 3101/5676 (54%)...
Processing block 3201/5676 (56%)...
Processing block 3301/5676 (58%)...
Processing block 3401/5676 (59%)...
Processing block 3501/5676 (61%)...
Processing block 3601/5676 (63%)...
Processing block 3701/5676 (65%)...
Processing block 3801/5676 (66%)...
Processing block 3901/5676 (68%)...
Processing block 4001/5676 (70%)...
Processing block 4101/5676 (72%)...
Processing block 4201/5676 (73%)...
Processing block 4301/5676 (75%)...
Processing block 4401/5676 (77%)...
Processing block 4501/5676 (79%)...
Processing block 4601/5676 (81%)...
Processing block 4701/5676 (82%)...
Processing block 4801/5676 (84%)...
Processing block 4901/5676 (86%)...
Processing block 5001/5676 (88%)...
Processing block 5101/5676 (89%)...
Processing block 5201/5676 (91%)...
Processing block 5301/5676 (93%)...
Processing block 5401/5676 (95%)...
Processing block 5501/5676 (96%)...
Processing block 5601/5676 (98%)...

Removing overlapping voxels...
  Removed 122356 overlapping voxels (1% reduction)

Hollowing out blueprint...
  Parts reduced: 10583010 -> 1472 (100.0% reduction)

Generating preview image...

============================================================
Assembly complete!
============================================================
  Total MC blocks processed: 5676
  Blocks skipped (missing): 2
  Initial voxels placed: 10705366
  Overlapping voxels removed: 122356
  Voxels after deduplication: 10583010
  Final voxel count (after hollowing): 1472

  Final blueprint size: 1472 voxels

  Missing blueprints (1):
    - lilac

============================================================
Blueprint saved to: ./test_output/b5cf9b04-4f73-42be-9cbb-00d4628ad0cd
============================================================
